============================================================
飞书文档发布 v2
============================================================

[1] 获取 access token...

[2] 查找/创建文件夹: 港澳地区周报归档
  找到现有文件夹: 港澳地区周报归档

[3] 文档标题: 港澳商务周报-20260605
  创建新文档...
  新文档 ID: Bkv9dxiuFoa6DUxJAn1cu0Xznqg

[4] 收集周报数据...
C:\Users\chenzishuo\AppData\Local\Programs\Python\Python312\Lib\site-packages\openpyxl\styles\stylesheet.py:237: UserWarning: Workbook contains no default style, apply openpyxl's default
  warn("Workbook contains no default style, apply openpyxl's default")
C:\Users\chenzishuo\AppData\Local\Programs\Python\Python312\Lib\site-packages\openpyxl\styles\stylesheet.py:237: UserWarning: Workbook contains no default style, apply openpyxl's default
  warn("Workbook contains no default style, apply openpyxl's default")
C:\Users\chenzishuo\AppData\Local\Programs\Python\Python312\Lib\site-packages\openpyxl\styles\stylesheet.py:237: UserWarning: Workbook contains no default style, apply openpyxl's default
  warn("Workbook contains no default style, apply openpyxl's default")
[1] 提取流速数据...
[2] 提取KOL转化数据...
[3] 提取TMK做工数据...
[4] 提取书展数据...
[5] 提取线下商超数据...
[6] 提取转介绍打卡数据...
  本期: 2026-06-01 ~ 2026-06-04
  上期: 2026-05-01 ~ 2026-05-04
  销售明细记录数（业绩归属=班主任）: 1294
  本期: 2026-06-01 ~ 2026-06-04
  上期: 2026-05-01 ~ 2026-05-04
  本期文件: 6.1-6.2海外正式课学员带量明细_末次渠道_新.xlsx
  上期文件: 5.1-5.2海外正式课学员带量明细_末次渠道_新.xlsx
  本期行数: 82934
  上期行数: 82934
  销售明细总记录数: 1508

[5] 构建文档内容...
  共 74 个章节
  其中表格 20 个

[6] 写入飞书文档...
  清空文档...
  插入 74 个章节（逐个插入）...
    [8/74] 插入表格 (5 行) at index 7
      警告: 表格插入失败: 创建表格失败 (HTTP 400): {'code': 1770001, 'msg': 'invalid param', 'error': {'helps': [{'description': '确认参数是否合法'}], 'log_id': '20260605104448280E777EAF1C7BC1F39E', 'troubleshooter': '排查建议查看(Troubleshooting suggestions): https://open.feishu.cn/search?from=openapi&log_id=20260605104448280E777EAF1C7BC1F39E&code=1770001&method_id=7055124481601699842'}}
    [10/74] 插入表格 (4 行) at index 8
      警告: 表格插入失败: 创建表格失败 (HTTP 400): {'code': 1770001, 'msg': 'invalid param', 'error': {'helps': [{'description': '确认参数是否合法'}], 'log_id': '202606051044522B17D454B9CD2BA5EA49', 'troubleshooter': '排查建议查看(Troubleshooting suggestions): https://open.feishu.cn/search?from=openapi&log_id=202606051044522B17D454B9CD2BA5EA49&code=1770001&method_id=7055124481601699842'}}
    [12/74] 插入表格 (3 行) at index 9
      警告: 表格插入失败: 创建表格失败 (HTTP 400): {'code': 1770001, 'msg': 'invalid param', 'error': {'helps': [{'description': '确认参数是否合法'}], 'log_id': '20260605104455870D4CA91E43F5DACC79', 'troubleshooter': '排查建议查看(Troubleshooting suggestions): https://open.feishu.cn/search?from=openapi&log_id=20260605104455870D4CA91E43F5DACC79&code=1770001&method_id=7055124481601699842'}}
    [15/74] 插入表格 (8 行) at index 11
      警告: 表格插入失败: 创建表格失败 (HTTP 400): {'code': 1770001, 'msg': 'invalid param', 'error': {'helps': [{'description': '确认参数是否合法'}], 'log_id': '20260605104500625713D972E716D46190', 'troubleshooter': '排查建议查看(Troubleshooting suggestions): https://open.feishu.cn/search?from=openapi&log_id=20260605104500625713D972E716D46190&code=1770001&method_id=7055124481601699842'}}
    [17/74] 插入表格 (6 行) at index 12
      警告: 表格插入失败: 创建表格失败 (HTTP 400): {'code': 1770001, 'msg': 'invalid param', 'error': {'helps': [{'description': '确认参数是否合法'}], 'log_id': '20260605104504457E0272575B72FB668E', 'troubleshooter': '排查建议查看(Troubleshooting suggestions): https://open.feishu.cn/search?from=openapi&log_id=20260605104504457E0272575B72FB668E&code=1770001&method_id=7055124481601699842'}}
    [20/74] 插入表格 (2 行) at index 14
      警告: 表格插入失败: 创建表格失败 (HTTP 400): {'code': 1770001, 'msg': 'invalid param', 'error': {'helps': [{'description': '确认参数是否合法'}], 'log_id': '202606051045091C5FF03BAB7700B181C0', 'troubleshooter': '排查建议查看(Troubleshooting suggestions): https://open.feishu.cn/search?from=openapi&log_id=202606051045091C5FF03BAB7700B181C0&code=1770001&method_id=7055124481601699842'}}
    [22/74] 插入表格 (4 行) at index 15
      警告: 表格插入失败: 创建表格失败 (HTTP 400): {'code': 1770001, 'msg': 'invalid param', 'error': {'helps': [{'description': '确认参数是否合法'}], 'log_id': '2026060510451305A0453EB37B2BEB7DD7', 'troubleshooter': '排查建议查看(Troubleshooting suggestions): https://open.feishu.cn/search?from=openapi&log_id=2026060510451305A0453EB37B2BEB7DD7&code=1770001&method_id=7055124481601699842'}}
    [34/74] 插入表格 (13 行) at index 26
      警告: 表格插入失败: 创建表格失败 (HTTP 400): {'code': 1770001, 'msg': 'invalid param', 'error': {'helps': [{'description': '确认参数是否合法'}], 'log_id': '2026060510453345136CEDE6AB3E15B785', 'troubleshooter': '排查建议查看(Troubleshooting suggestions): https://open.feishu.cn/search?from=openapi&log_id=2026060510453345136CEDE6AB3E15B785&code=1770001&method_id=7055124481601699842'}}
    [41/74] 插入表格 (10 行) at index 32
      警告: 表格插入失败: 创建表格失败 (HTTP 400): {'code': 1770001, 'msg': 'invalid param', 'error': {'helps': [{'description': '确认参数是否合法'}], 'log_id': '20260605104545A5E71217789F17270A07', 'troubleshooter': '排查建议查看(Troubleshooting suggestions): https://open.feishu.cn/search?from=openapi&log_id=20260605104545A5E71217789F17270A07&code=1770001&method_id=7055124481601699842'}}
    [43/74] 插入表格 (7 行) at index 33
      警告: 表格插入失败: 创建表格失败 (HTTP 400): {'code': 1770001, 'msg': 'invalid param', 'error': {'helps': [{'description': '确认参数是否合法'}], 'log_id': '2026060510454903E949DEB745C7C190CC', 'troubleshooter': '排查建议查看(Troubleshooting suggestions): https://open.feishu.cn/search?from=openapi&log_id=2026060510454903E949DEB745C7C190CC&code=1770001&method_id=7055124481601699842'}}
    [46/74] 插入表格 (3 行) at index 35
      警告: 表格插入失败: 创建表格失败 (HTTP 400): {'code': 1770001, 'msg': 'invalid param', 'error': {'helps': [{'description': '确认参数是否合法'}], 'log_id': '202606051045546EE8AFB3C4C1A8AB6139', 'troubleshooter': '排查建议查看(Troubleshooting suggestions): https://open.feishu.cn/search?from=openapi&log_id=202606051045546EE8AFB3C4C1A8AB6139&code=1770001&method_id=7055124481601699842'}}
    [49/74] 插入表格 (2 行) at index 37
      警告: 表格插入失败: 创建表格失败 (HTTP 400): {'code': 1770001, 'msg': 'invalid param', 'error': {'helps': [{'description': '确认参数是否合法'}], 'log_id': '20260605104559CDA4454C91646EC13CB6', 'troubleshooter': '排查建议查看(Troubleshooting suggestions): https://open.feishu.cn/search?from=openapi&log_id=20260605104559CDA4454C91646EC13CB6&code=1770001&method_id=7055124481601699842'}}
    [52/74] 插入表格 (2 行) at index 39
      警告: 表格插入失败: 创建表格失败 (HTTP 400): {'code': 1770001, 'msg': 'invalid param', 'error': {'helps': [{'description': '确认参数是否合法'}], 'log_id': '2026060510460427A30CC029E6DC44349A', 'troubleshooter': '排查建议查看(Troubleshooting suggestions): https://open.feishu.cn/search?from=openapi&log_id=2026060510460427A30CC029E6DC44349A&code=1770001&method_id=7055124481601699842'}}
    [55/74] 插入表格 (2 行) at index 41
      警告: 表格插入失败: 创建表格失败 (HTTP 400): {'code': 1770001, 'msg': 'invalid param', 'error': {'helps': [{'description': '确认参数是否合法'}], 'log_id': '2026060510460927D0F3D3C19F7DA5567E', 'troubleshooter': '排查建议查看(Troubleshooting suggestions): https://open.feishu.cn/search?from=openapi&log_id=2026060510460927D0F3D3C19F7DA5567E&code=1770001&method_id=7055124481601699842'}}
    [58/74] 插入表格 (2 行) at index 43
      警告: 表格插入失败: 创建表格失败 (HTTP 400): {'code': 1770001, 'msg': 'invalid param', 'error': {'helps': [{'description': '确认参数是否合法'}], 'log_id': '202606051046145D1AF4D3B923EED766EB', 'troubleshooter': '排查建议查看(Troubleshooting suggestions): https://open.feishu.cn/search?from=openapi&log_id=202606051046145D1AF4D3B923EED766EB&code=1770001&method_id=7055124481601699842'}}
    [61/74] 插入表格 (2 行) at index 45
      警告: 表格插入失败: 创建表格失败 (HTTP 400): {'code': 1770001, 'msg': 'invalid param', 'error': {'helps': [{'description': '确认参数是否合法'}], 'log_id': '20260605104619B1E3DAECAB7DE9DA1713', 'troubleshooter': '排查建议查看(Troubleshooting suggestions): https://open.feishu.cn/search?from=openapi&log_id=20260605104619B1E3DAECAB7DE9DA1713&code=1770001&method_id=7055124481601699842'}}
    [64/74] 插入表格 (2 行) at index 47
      警告: 表格插入失败: 创建表格失败 (HTTP 400): {'code': 1770001, 'msg': 'invalid param', 'error': {'helps': [{'description': '确认参数是否合法'}], 'log_id': '202606051046248F07B9B3EC6181DB58C3', 'troubleshooter': '排查建议查看(Troubleshooting suggestions): https://open.feishu.cn/search?from=openapi&log_id=202606051046248F07B9B3EC6181DB58C3&code=1770001&method_id=7055124481601699842'}}
    [69/74] 插入表格 (3 行) at index 51
      警告: 表格插入失败: 创建表格失败 (HTTP 400): {'code': 1770001, 'msg': 'invalid param', 'error': {'helps': [{'description': '确认参数是否合法'}], 'log_id': '202606051046338342B1C9C6CABFE5D4A7', 'troubleshooter': '排查建议查看(Troubleshooting suggestions): https://open.feishu.cn/search?from=openapi&log_id=202606051046338342B1C9C6CABFE5D4A7&code=1770001&method_id=7055124481601699842'}}
    [71/74] 插入表格 (3 行) at index 52
      警告: 表格插入失败: 创建表格失败 (HTTP 400): {'code': 1770001, 'msg': 'invalid param', 'error': {'helps': [{'description': '确认参数是否合法'}], 'log_id': '2026060510463658B644A8FA217641E95B', 'troubleshooter': '排查建议查看(Troubleshooting suggestions): https://open.feishu.cn/search?from=openapi&log_id=2026060510463658B644A8FA217641E95B&code=1770001&method_id=7055124481601699842'}}
    [74/74] 插入表格 (2 行) at index 54
      警告: 表格插入失败: 创建表格失败 (HTTP 400): {'code': 1770001, 'msg': 'invalid param', 'error': {'helps': [{'description': '确认参数是否合法'}], 'log_id': '20260605104642DB66F35EB05C56C94EC2', 'troubleshooter': '排查建议查看(Troubleshooting suggestions): https://open.feishu.cn/search?from=openapi&log_id=20260605104642DB66F35EB05C56C94EC2&code=1770001&method_id=7055124481601699842'}}
  完成：文本块 54 个，表格 0 个

============================================================
✅ 完成！
📄 文档链接: https://feishu.cn/docx/Bkv9dxiuFoa6DUxJAn1cu0Xznqg
============================================================
