运行时间,本期,流速_总例子目标,流速_总实际例子,流速_总达成率,KOL_钟嘉欣本月例子,KOL_周家蔚本月例子,KOL_KOLHK本月例子,TMK_行数,TMK_异常数,书展_本月场次,书展_历史场次,商超_本月有效场次,商超_本月例子数,商超_本月CPS消耗,转介绍_手推例子,转介绍_非手推例子,转介绍_合计达成率,打卡_可打卡学员,打卡_打卡人数,打卡_例子数
2026-06-03 16:30:36,2026-06,1675,1690,100.9%,429,1,480,12,8,2,17,7,295.0,"54,155",109,28,94.5%,25858,1048,23
2026-06-04 15:12:20,2026-06,1675,1690,100.9%,429,1,480,12,8,2,17,7,295.0,"54,155",109,28,50.6%,25858,1048,23
2026-06-04 16:13:32,2026-06,1675,1690,100.9%,429,1,480,12,8,2,17,7,295.0,"54,155",109,28,50.6%,25858,1048,23
2026-06-05 11:57:47,2026-06,1675,1690,100.9%,429,1,480,12,8,2,17,7,295.0,"54,155",109,28,47.1%,25858,1048,23
2026-06-08 10:54:04,,,,,70,0,75,11,5,2,17,0,0.0,,109,28,40.9%,25890,4589,23
2026-06-08 11:31:48,,,,,70,0,75,11,5,2,17,0,0.0,,325,64,116.1%,25890,4589,50
2026-06-08 11:51:04,,,,,143,0,151,11,5,2,17,4,102.0,"3,872",325,64,116.1%,25890,4589,50
2026-06-08 12:09:54,,,,,143,0,151,11,5,2,17,4,102.0,"3,872",325,64,116.1%,25890,4589,50
2026-06-08 12:54:32,,,,,143,0,151,11,5,2,17,4,102.0,"3,872",325,64,116.1%,25890,4589,50
2026-06-08 13:08:28,,,,,143,0,151,11,5,2,17,4,102.0,"3,872",325,64,116.1%,25890,4589,50
2026-06-08 15:52:22,,,,,143,0,151,11,15,2,17,4,102.0,"3,872",325,64,116.1%,25890,4589,50
2026-06-08 16:31:49,,,,,143,0,151,11,15,2,17,4,102.0,"3,872",325,64,116.1%,25890,4589,50
2026-06-08 16:55:41,,,,,143,151,11,15,2,17,4,102.0,"3,872",325,64,116.1%,25890,4589,50
2026-06-08 17:19:49,,,,,143,151,11,15,2,17,4,102.0,"3,872",325,64,116.1%,25890,4589,50
2026-06-08 17:23:52,,,,,143,151,11,15,2,17,4,102.0,"3,872",325,64,116.1%,25890,4589,50
2026-06-08 17:30:55,,,,,143,151,11,15,2,17,4,102.0,"3,872",325,64,116.1%,25890,4589,50
2026-06-08 18:01:47,,,,,143,151,11,15,0,17,4,102.0,"3,872",325,64,116.1%,25890,4589,50
2026-06-09 10:37:37,,,,,143,151,11,15,0,17,4,102.0,"3,872",325,64,110.8%,25890,4589,50
2026-06-09 10:57:33,,,,,143,151,11,15,0,17,4,102.0,"3,872",325,64,110.8%,25890,4589,50
2026-06-09 11:50:46,,,,,143,151,11,15,0,17,4,102.0,"3,872",325,64,110.8%,25890,4589,50
2026-06-09 14:15:57,,,,,143,151,11,15,0,17,4,102.0,"3,872",325,64,110.8%,25890,4589,50
2026-06-09 14:22:08,,,,,143,151,11,15,0,17,4,102.0,"3,872",325,64,110.8%,25890,4589,50
2026-06-09 14:26:26,,,,,143,151,11,15,0,17,4,102.0,"3,872",325,64,110.8%,25890,4589,50
2026-06-09 14:38:45,,,,,143,151,11,15,0,17,4,102.0,"3,872",325,64,110.8%,25890,4589,50
2026-06-09 14:45:04,,,,,143,151,11,15,0,17,4,102.0,"3,872",325,64,110.8%,25890,4589,50
2026-06-09 15:22:43,,,,,143,151,11,15,0,17,3,100.0,"3,872",325,64,110.8%,25890,4589,50
2026-06-09 15:29:43,,,,,143,151,11,15,0,17,3,100.0,"3,872",325,64,110.8%,25890,4589,50
2026-06-09 15:48:13,,,,,143,151,11,15,0,17,3,100.0,"3,872",325,64,110.8%,25890,4589,50
2026-06-09 15:57:15,,,,,143,151,11,15,0,17,3,100.0,"3,872",325,64,110.8%,25890,4589,50
2026-06-09 16:10:46,,,,,143,151,11,15,0,17,3,100.0,"3,872",325,64,110.8%,25890,4589,50
2026-06-09 16:50:34,,,,,143,151,11,15,0,17,3,100.0,"3,872",325,64,110.8%,25890,4589,50
2026-06-09 17:46:07,,,,,143,151,11,15,0,17,3,100.0,"3,872",325,64,110.8%,25890,4589,50
2026-06-09 18:00:59,,,,,143,151,11,15,0,17,3,100.0,"3,872",325,64,110.8%,25890,4589,50
2026-06-09 18:07:59,,,,,143,151,11,15,0,17,3,100.0,"3,872",325,64,110.8%,25890,4589,50
2026-06-09 18:13:57,,,,,143,151,11,15,0,17,3,100.0,"3,872",325,64,110.8%,25890,4589,50
2026-06-09 18:23:54,,,,,143,151,11,15,0,17,3,100.0,"3,872",325,64,110.8%,25890,4589,50
2026-06-10 11:04:23,,,,,143,151,11,12,0,17,3,100.0,"5,163",,,,,,
2026-06-10 11:13:09,,,,,143,151,11,12,0,17,3,100.0,"5,163",,,,,,
2026-06-10 11:27:28,,,,,191,200,11,12,0,17,3,100.0,"5,163",,,,,,
2026-06-10 11:36:51,,,,,191,200,11,12,0,17,3,100.0,"5,163",,,,,,
2026-06-10 11:53:14,,,,,191,200,11,12,0,17,3,100.0,"5,163",,,,,,
2026-06-10 15:55:19,,,,,191,200,11,12,0,17,3,100.0,"5,163",382,102,111.3%,25888,5165,85
2026-06-10 16:07:25,,,,,191,200,11,12,0,17,3,100.0,"5,163",382,102,111.3%,25888,5165,85
2026-06-10 16:37:47,,,,,191,200,11,12,0,17,3,100.0,"5,163",382,102,111.3%,,,
2026-06-10 16:42:32,,,,,191,200,11,12,0,17,3,100.0,"5,163",382,102,111.3%,25888,5165,85
2026-06-10 16:52:58,,,,,191,200,11,12,0,17,3,100.0,"5,163",382,102,111.3%,25888,5165,85
2026-06-10 17:03:47,,,,,191,200,11,12,0,17,3,100.0,"5,163",382,102,111.3%,25888,5165,85
2026-06-10 17:05:49,,,,,191,200,11,12,0,17,3,100.0,"5,163",382,102,111.3%,25888,5165,85
2026-06-10 17:25:24,,,,,191,200,11,12,0,17,3,100.0,"5,163",382,102,111.3%,25888,5165,85
